interactions:
- request:
    body: q=beginPosition%3A%5B2015-01-01T00%3A00%3A00Z+TO+2015-01-02T00%3A00%3A00Z%5D+footprint%3A%22Intersects%28POLYGON%28%280+0%2C1+1%2C0+1%2C0+0%29%29%29%22
    headers:
      Accept: ['*/*']
      Accept-Encoding: ['gzip, deflate']
      Connection: [keep-alive]
      Content-Length: ['151']
      Content-Type: [application/x-www-form-urlencoded; charset=UTF-8]
      User-Agent: [sentinelsat/0.12.2]
    method: POST
    uri: https://scihub.copernicus.eu/apihub/search?format=json&rows=100&start=0
  response:
    body: {string: '<!DOCTYPE html><html><head><title>Apache Tomcat/8.0.36 - Error
        report</title><style type="text/css">H1 {font-family:Tahoma,Arial,sans-serif;color:white;background-color:#525D76;font-size:22px;}
        H2 {font-family:Tahoma,Arial,sans-serif;color:white;background-color:#525D76;font-size:16px;}
        H3 {font-family:Tahoma,Arial,sans-serif;color:white;background-color:#525D76;font-size:14px;}
        BODY {font-family:Tahoma,Arial,sans-serif;color:black;background-color:white;}
        B {font-family:Tahoma,Arial,sans-serif;color:white;background-color:#525D76;}
        P {font-family:Tahoma,Arial,sans-serif;background:white;color:black;font-size:12px;}A
        {color : black;}A.name {color : black;}.line {height: 1px; background-color:
        #525D76; border: none;}</style> </head><body><h1>HTTP Status 401 - Full authentication
        is required to access this resource</h1><div class="line"></div><p><b>type</b>
        Status report</p><p><b>message</b> <u>Full authentication is required to access
        this resource</u></p><p><b>description</b> <u>This request requires HTTP authentication.</u></p><hr
        class="line"><h3>Apache Tomcat/8.0.36</h3></body></html>'}
    headers:
      Content-Language: [en]
      Content-Type: [text/html;charset=utf-8]
      Server: [Apache-Coyote/1.1]
      Vary: [Accept-Encoding]
      WWW-Authenticate: [Basic realm="Sentinels Scientific Data Hub Search"]
      content-length: ['1104']
    status: {code: 401, message: Unauthorized}
- request:
    body: null
    headers:
      Accept: ['*/*']
      Accept-Encoding: ['gzip, deflate']
      Connection: [keep-alive]
      User-Agent: [sentinelsat/0.12.2]
    method: GET
    uri: https://scihub.copernicus.eu/apihub/odata/v1/Products('8df46c9e-a20c-43db-a19a-4240c2ed3b8b')?$format=json
  response:
    body: {string: '<!DOCTYPE html><html><head><title>Apache Tomcat/8.0.36 - Error
        report</title><style type="text/css">H1 {font-family:Tahoma,Arial,sans-serif;color:white;background-color:#525D76;font-size:22px;}
        H2 {font-family:Tahoma,Arial,sans-serif;color:white;background-color:#525D76;font-size:16px;}
        H3 {font-family:Tahoma,Arial,sans-serif;color:white;background-color:#525D76;font-size:14px;}
        BODY {font-family:Tahoma,Arial,sans-serif;color:black;background-color:white;}
        B {font-family:Tahoma,Arial,sans-serif;color:white;background-color:#525D76;}
        P {font-family:Tahoma,Arial,sans-serif;background:white;color:black;font-size:12px;}A
        {color : black;}A.name {color : black;}.line {height: 1px; background-color:
        #525D76; border: none;}</style> </head><body><h1>HTTP Status 401 - Full authentication
        is required to access this resource</h1><div class="line"></div><p><b>type</b>
        Status report</p><p><b>message</b> <u>Full authentication is required to access
        this resource</u></p><p><b>description</b> <u>This request requires HTTP authentication.</u></p><hr
        class="line"><h3>Apache Tomcat/8.0.36</h3></body></html>'}
    headers:
      Content-Language: [en]
      Content-Type: [text/html;charset=utf-8]
      Server: [Apache-Coyote/1.1]
      Vary: [Accept-Encoding]
      WWW-Authenticate: [Basic realm="OData service"]
      content-length: ['1104']
    status: {code: 401, message: Unauthorized}
- request:
    body: null
    headers:
      Accept: ['*/*']
      Accept-Encoding: ['gzip, deflate']
      Connection: [keep-alive]
      User-Agent: [sentinelsat/0.12.2]
    method: GET
    uri: https://scihub.copernicus.eu/apihub/odata/v1/Products('8df46c9e-a20c-43db-a19a-4240c2ed3b8b')?$format=json
  response:
    body: {string: '<!DOCTYPE html><html><head><title>Apache Tomcat/8.0.36 - Error
        report</title><style type="text/css">H1 {font-family:Tahoma,Arial,sans-serif;color:white;background-color:#525D76;font-size:22px;}
        H2 {font-family:Tahoma,Arial,sans-serif;color:white;background-color:#525D76;font-size:16px;}
        H3 {font-family:Tahoma,Arial,sans-serif;color:white;background-color:#525D76;font-size:14px;}
        BODY {font-family:Tahoma,Arial,sans-serif;color:black;background-color:white;}
        B {font-family:Tahoma,Arial,sans-serif;color:white;background-color:#525D76;}
        P {font-family:Tahoma,Arial,sans-serif;background:white;color:black;font-size:12px;}A
        {color : black;}A.name {color : black;}.line {height: 1px; background-color:
        #525D76; border: none;}</style> </head><body><h1>HTTP Status 401 - Full authentication
        is required to access this resource</h1><div class="line"></div><p><b>type</b>
        Status report</p><p><b>message</b> <u>Full authentication is required to access
        this resource</u></p><p><b>description</b> <u>This request requires HTTP authentication.</u></p><hr
        class="line"><h3>Apache Tomcat/8.0.36</h3></body></html>'}
    headers:
      Content-Language: [en]
      Content-Type: [text/html;charset=utf-8]
      Server: [Apache-Coyote/1.1]
      Vary: [Accept-Encoding]
      WWW-Authenticate: [Basic realm="OData service"]
      content-length: ['1104']
    status: {code: 401, message: Unauthorized}
- request:
    body: null
    headers:
      Accept: ['*/*']
      Accept-Encoding: ['gzip, deflate']
      Connection: [keep-alive]
      User-Agent: [sentinelsat/0.12.2]
    method: GET
    uri: https://scihub.copernicus.eu/apihub/odata/v1/Products('8df46c9e-a20c-43db-a19a-4240c2ed3b8b')?$format=json
  response:
    body: {string: '<!DOCTYPE html><html><head><title>Apache Tomcat/8.0.36 - Error
        report</title><style type="text/css">H1 {font-family:Tahoma,Arial,sans-serif;color:white;background-color:#525D76;font-size:22px;}
        H2 {font-family:Tahoma,Arial,sans-serif;color:white;background-color:#525D76;font-size:16px;}
        H3 {font-family:Tahoma,Arial,sans-serif;color:white;background-color:#525D76;font-size:14px;}
        BODY {font-family:Tahoma,Arial,sans-serif;color:black;background-color:white;}
        B {font-family:Tahoma,Arial,sans-serif;color:white;background-color:#525D76;}
        P {font-family:Tahoma,Arial,sans-serif;background:white;color:black;font-size:12px;}A
        {color : black;}A.name {color : black;}.line {height: 1px; background-color:
        #525D76; border: none;}</style> </head><body><h1>HTTP Status 401 - Full authentication
        is required to access this resource</h1><div class="line"></div><p><b>type</b>
        Status report</p><p><b>message</b> <u>Full authentication is required to access
        this resource</u></p><p><b>description</b> <u>This request requires HTTP authentication.</u></p><hr
        class="line"><h3>Apache Tomcat/8.0.36</h3></body></html>'}
    headers:
      Content-Language: [en]
      Content-Type: [text/html;charset=utf-8]
      Server: [Apache-Coyote/1.1]
      Vary: [Accept-Encoding]
      WWW-Authenticate: [Basic realm="OData service"]
      content-length: ['1104']
    status: {code: 401, message: Unauthorized}
- request:
    body: null
    headers:
      Accept: ['*/*']
      Accept-Encoding: ['gzip, deflate']
      Connection: [keep-alive]
      User-Agent: [sentinelsat/0.12.2]
    method: GET
    uri: https://scihub.copernicus.eu/apihub/odata/v1/Products('8df46c9e-a20c-43db-a19a-4240c2ed3b8b')?$format=json
  response:
    body: {string: '<!DOCTYPE html><html><head><title>Apache Tomcat/8.0.36 - Error
        report</title><style type="text/css">H1 {font-family:Tahoma,Arial,sans-serif;color:white;background-color:#525D76;font-size:22px;}
        H2 {font-family:Tahoma,Arial,sans-serif;color:white;background-color:#525D76;font-size:16px;}
        H3 {font-family:Tahoma,Arial,sans-serif;color:white;background-color:#525D76;font-size:14px;}
        BODY {font-family:Tahoma,Arial,sans-serif;color:black;background-color:white;}
        B {font-family:Tahoma,Arial,sans-serif;color:white;background-color:#525D76;}
        P {font-family:Tahoma,Arial,sans-serif;background:white;color:black;font-size:12px;}A
        {color : black;}A.name {color : black;}.line {height: 1px; background-color:
        #525D76; border: none;}</style> </head><body><h1>HTTP Status 401 - Full authentication
        is required to access this resource</h1><div class="line"></div><p><b>type</b>
        Status report</p><p><b>message</b> <u>Full authentication is required to access
        this resource</u></p><p><b>description</b> <u>This request requires HTTP authentication.</u></p><hr
        class="line"><h3>Apache Tomcat/8.0.36</h3></body></html>'}
    headers:
      Content-Language: [en]
      Content-Type: [text/html;charset=utf-8]
      Server: [Apache-Coyote/1.1]
      Vary: [Accept-Encoding]
      WWW-Authenticate: [Basic realm="OData service"]
      content-length: ['1104']
    status: {code: 401, message: Unauthorized}
- request:
    body: null
    headers:
      Accept: ['*/*']
      Accept-Encoding: ['gzip, deflate']
      Connection: [keep-alive]
      User-Agent: [sentinelsat/0.12.2]
    method: GET
    uri: https://scihub.copernicus.eu/apihub/odata/v1/Products('8df46c9e-a20c-43db-a19a-4240c2ed3b8b')?$format=json
  response:
    body: {string: '<!DOCTYPE html><html><head><title>Apache Tomcat/8.0.36 - Error
        report</title><style type="text/css">H1 {font-family:Tahoma,Arial,sans-serif;color:white;background-color:#525D76;font-size:22px;}
        H2 {font-family:Tahoma,Arial,sans-serif;color:white;background-color:#525D76;font-size:16px;}
        H3 {font-family:Tahoma,Arial,sans-serif;color:white;background-color:#525D76;font-size:14px;}
        BODY {font-family:Tahoma,Arial,sans-serif;color:black;background-color:white;}
        B {font-family:Tahoma,Arial,sans-serif;color:white;background-color:#525D76;}
        P {font-family:Tahoma,Arial,sans-serif;background:white;color:black;font-size:12px;}A
        {color : black;}A.name {color : black;}.line {height: 1px; background-color:
        #525D76; border: none;}</style> </head><body><h1>HTTP Status 401 - Full authentication
        is required to access this resource</h1><div class="line"></div><p><b>type</b>
        Status report</p><p><b>message</b> <u>Full authentication is required to access
        this resource</u></p><p><b>description</b> <u>This request requires HTTP authentication.</u></p><hr
        class="line"><h3>Apache Tomcat/8.0.36</h3></body></html>'}
    headers:
      Content-Language: [en]
      Content-Type: [text/html;charset=utf-8]
      Server: [Apache-Coyote/1.1]
      Vary: [Accept-Encoding]
      WWW-Authenticate: [Basic realm="OData service"]
      content-length: ['1104']
    status: {code: 401, message: Unauthorized}
- request:
    body: null
    headers:
      Accept: ['*/*']
      Accept-Encoding: ['gzip, deflate']
      Connection: [keep-alive]
      User-Agent: [sentinelsat/0.12.2]
    method: GET
    uri: https://scihub.copernicus.eu/apihub/odata/v1/Products('8df46c9e-a20c-43db-a19a-4240c2ed3b8b')?$format=json
  response:
    body: {string: '<!DOCTYPE html><html><head><title>Apache Tomcat/8.0.36 - Error
        report</title><style type="text/css">H1 {font-family:Tahoma,Arial,sans-serif;color:white;background-color:#525D76;font-size:22px;}
        H2 {font-family:Tahoma,Arial,sans-serif;color:white;background-color:#525D76;font-size:16px;}
        H3 {font-family:Tahoma,Arial,sans-serif;color:white;background-color:#525D76;font-size:14px;}
        BODY {font-family:Tahoma,Arial,sans-serif;color:black;background-color:white;}
        B {font-family:Tahoma,Arial,sans-serif;color:white;background-color:#525D76;}
        P {font-family:Tahoma,Arial,sans-serif;background:white;color:black;font-size:12px;}A
        {color : black;}A.name {color : black;}.line {height: 1px; background-color:
        #525D76; border: none;}</style> </head><body><h1>HTTP Status 401 - Full authentication
        is required to access this resource</h1><div class="line"></div><p><b>type</b>
        Status report</p><p><b>message</b> <u>Full authentication is required to access
        this resource</u></p><p><b>description</b> <u>This request requires HTTP authentication.</u></p><hr
        class="line"><h3>Apache Tomcat/8.0.36</h3></body></html>'}
    headers:
      Content-Language: [en]
      Content-Type: [text/html;charset=utf-8]
      Server: [Apache-Coyote/1.1]
      Vary: [Accept-Encoding]
      WWW-Authenticate: [Basic realm="OData service"]
      content-length: ['1104']
    status: {code: 401, message: Unauthorized}
- request:
    body: null
    headers:
      Accept: ['*/*']
      Accept-Encoding: ['gzip, deflate']
      Connection: [keep-alive]
      User-Agent: [sentinelsat/0.12.2]
    method: GET
    uri: https://scihub.copernicus.eu/apihub/odata/v1/Products('8df46c9e-a20c-43db-a19a-4240c2ed3b8b')?$format=json
  response:
    body: {string: '<!DOCTYPE html><html><head><title>Apache Tomcat/8.0.36 - Error
        report</title><style type="text/css">H1 {font-family:Tahoma,Arial,sans-serif;color:white;background-color:#525D76;font-size:22px;}
        H2 {font-family:Tahoma,Arial,sans-serif;color:white;background-color:#525D76;font-size:16px;}
        H3 {font-family:Tahoma,Arial,sans-serif;color:white;background-color:#525D76;font-size:14px;}
        BODY {font-family:Tahoma,Arial,sans-serif;color:black;background-color:white;}
        B {font-family:Tahoma,Arial,sans-serif;color:white;background-color:#525D76;}
        P {font-family:Tahoma,Arial,sans-serif;background:white;color:black;font-size:12px;}A
        {color : black;}A.name {color : black;}.line {height: 1px; background-color:
        #525D76; border: none;}</style> </head><body><h1>HTTP Status 401 - Full authentication
        is required to access this resource</h1><div class="line"></div><p><b>type</b>
        Status report</p><p><b>message</b> <u>Full authentication is required to access
        this resource</u></p><p><b>description</b> <u>This request requires HTTP authentication.</u></p><hr
        class="line"><h3>Apache Tomcat/8.0.36</h3></body></html>'}
    headers:
      Content-Language: [en]
      Content-Type: [text/html;charset=utf-8]
      Server: [Apache-Coyote/1.1]
      Vary: [Accept-Encoding]
      WWW-Authenticate: [Basic realm="OData service"]
      content-length: ['1104']
    status: {code: 401, message: Unauthorized}
- request:
    body: null
    headers:
      Accept: ['*/*']
      Accept-Encoding: ['gzip, deflate']
      Connection: [keep-alive]
      User-Agent: [sentinelsat/0.12.2]
    method: GET
    uri: https://scihub.copernicus.eu/apihub/odata/v1/Products('8df46c9e-a20c-43db-a19a-4240c2ed3b8b')?$format=json
  response:
    body: {string: '<!DOCTYPE html><html><head><title>Apache Tomcat/8.0.36 - Error
        report</title><style type="text/css">H1 {font-family:Tahoma,Arial,sans-serif;color:white;background-color:#525D76;font-size:22px;}
        H2 {font-family:Tahoma,Arial,sans-serif;color:white;background-color:#525D76;font-size:16px;}
        H3 {font-family:Tahoma,Arial,sans-serif;color:white;background-color:#525D76;font-size:14px;}
        BODY {font-family:Tahoma,Arial,sans-serif;color:black;background-color:white;}
        B {font-family:Tahoma,Arial,sans-serif;color:white;background-color:#525D76;}
        P {font-family:Tahoma,Arial,sans-serif;background:white;color:black;font-size:12px;}A
        {color : black;}A.name {color : black;}.line {height: 1px; background-color:
        #525D76; border: none;}</style> </head><body><h1>HTTP Status 401 - Full authentication
        is required to access this resource</h1><div class="line"></div><p><b>type</b>
        Status report</p><p><b>message</b> <u>Full authentication is required to access
        this resource</u></p><p><b>description</b> <u>This request requires HTTP authentication.</u></p><hr
        class="line"><h3>Apache Tomcat/8.0.36</h3></body></html>'}
    headers:
      Content-Language: [en]
      Content-Type: [text/html;charset=utf-8]
      Server: [Apache-Coyote/1.1]
      Vary: [Accept-Encoding]
      WWW-Authenticate: [Basic realm="OData service"]
      content-length: ['1104']
    status: {code: 401, message: Unauthorized}
- request:
    body: null
    headers:
      Accept: ['*/*']
      Accept-Encoding: ['gzip, deflate']
      Connection: [keep-alive]
      User-Agent: [sentinelsat/0.12.2]
    method: GET
    uri: https://scihub.copernicus.eu/apihub/odata/v1/Products('8df46c9e-a20c-43db-a19a-4240c2ed3b8b')?$format=json
  response:
    body: {string: '<!DOCTYPE html><html><head><title>Apache Tomcat/8.0.36 - Error
        report</title><style type="text/css">H1 {font-family:Tahoma,Arial,sans-serif;color:white;background-color:#525D76;font-size:22px;}
        H2 {font-family:Tahoma,Arial,sans-serif;color:white;background-color:#525D76;font-size:16px;}
        H3 {font-family:Tahoma,Arial,sans-serif;color:white;background-color:#525D76;font-size:14px;}
        BODY {font-family:Tahoma,Arial,sans-serif;color:black;background-color:white;}
        B {font-family:Tahoma,Arial,sans-serif;color:white;background-color:#525D76;}
        P {font-family:Tahoma,Arial,sans-serif;background:white;color:black;font-size:12px;}A
        {color : black;}A.name {color : black;}.line {height: 1px; background-color:
        #525D76; border: none;}</style> </head><body><h1>HTTP Status 401 - Full authentication
        is required to access this resource</h1><div class="line"></div><p><b>type</b>
        Status report</p><p><b>message</b> <u>Full authentication is required to access
        this resource</u></p><p><b>description</b> <u>This request requires HTTP authentication.</u></p><hr
        class="line"><h3>Apache Tomcat/8.0.36</h3></body></html>'}
    headers:
      Content-Language: [en]
      Content-Type: [text/html;charset=utf-8]
      Server: [Apache-Coyote/1.1]
      Vary: [Accept-Encoding]
      WWW-Authenticate: [Basic realm="OData service"]
      content-length: ['1104']
    status: {code: 401, message: Unauthorized}
- request:
    body: null
    headers:
      Accept: ['*/*']
      Accept-Encoding: ['gzip, deflate']
      Connection: [keep-alive]
      User-Agent: [sentinelsat/0.12.2]
    method: GET
    uri: https://scihub.copernicus.eu/apihub/odata/v1/Products('8df46c9e-a20c-43db-a19a-4240c2ed3b8b')?$format=json
  response:
    body: {string: '<!DOCTYPE html><html><head><title>Apache Tomcat/8.0.36 - Error
        report</title><style type="text/css">H1 {font-family:Tahoma,Arial,sans-serif;color:white;background-color:#525D76;font-size:22px;}
        H2 {font-family:Tahoma,Arial,sans-serif;color:white;background-color:#525D76;font-size:16px;}
        H3 {font-family:Tahoma,Arial,sans-serif;color:white;background-color:#525D76;font-size:14px;}
        BODY {font-family:Tahoma,Arial,sans-serif;color:black;background-color:white;}
        B {font-family:Tahoma,Arial,sans-serif;color:white;background-color:#525D76;}
        P {font-family:Tahoma,Arial,sans-serif;background:white;color:black;font-size:12px;}A
        {color : black;}A.name {color : black;}.line {height: 1px; background-color:
        #525D76; border: none;}</style> </head><body><h1>HTTP Status 401 - Full authentication
        is required to access this resource</h1><div class="line"></div><p><b>type</b>
        Status report</p><p><b>message</b> <u>Full authentication is required to access
        this resource</u></p><p><b>description</b> <u>This request requires HTTP authentication.</u></p><hr
        class="line"><h3>Apache Tomcat/8.0.36</h3></body></html>'}
    headers:
      Content-Language: [en]
      Content-Type: [text/html;charset=utf-8]
      Server: [Apache-Coyote/1.1]
      Vary: [Accept-Encoding]
      WWW-Authenticate: [Basic realm="OData service"]
      content-length: ['1104']
    status: {code: 401, message: Unauthorized}
- request:
    body: null
    headers:
      Accept: ['*/*']
      Accept-Encoding: ['gzip, deflate']
      Connection: [keep-alive]
      User-Agent: [sentinelsat/0.12.2]
    method: GET
    uri: https://scihub.copernicus.eu/apihub/odata/v1/Products('8df46c9e-a20c-43db-a19a-4240c2ed3b8b')?$format=json
  response:
    body: {string: '<!DOCTYPE html><html><head><title>Apache Tomcat/8.0.36 - Error
        report</title><style type="text/css">H1 {font-family:Tahoma,Arial,sans-serif;color:white;background-color:#525D76;font-size:22px;}
        H2 {font-family:Tahoma,Arial,sans-serif;color:white;background-color:#525D76;font-size:16px;}
        H3 {font-family:Tahoma,Arial,sans-serif;color:white;background-color:#525D76;font-size:14px;}
        BODY {font-family:Tahoma,Arial,sans-serif;color:black;background-color:white;}
        B {font-family:Tahoma,Arial,sans-serif;color:white;background-color:#525D76;}
        P {font-family:Tahoma,Arial,sans-serif;background:white;color:black;font-size:12px;}A
        {color : black;}A.name {color : black;}.line {height: 1px; background-color:
        #525D76; border: none;}</style> </head><body><h1>HTTP Status 401 - Full authentication
        is required to access this resource</h1><div class="line"></div><p><b>type</b>
        Status report</p><p><b>message</b> <u>Full authentication is required to access
        this resource</u></p><p><b>description</b> <u>This request requires HTTP authentication.</u></p><hr
        class="line"><h3>Apache Tomcat/8.0.36</h3></body></html>'}
    headers:
      Content-Language: [en]
      Content-Type: [text/html;charset=utf-8]
      Server: [Apache-Coyote/1.1]
      Vary: [Accept-Encoding]
      WWW-Authenticate: [Basic realm="OData service"]
      content-length: ['1104']
    status: {code: 401, message: Unauthorized}
- request:
    body: null
    headers:
      Accept: ['*/*']
      Accept-Encoding: ['gzip, deflate']
      Connection: [keep-alive]
      User-Agent: [sentinelsat/0.12.2]
    method: GET
    uri: https://scihub.copernicus.eu/apihub/odata/v1/Products('8df46c9e-a20c-43db-a19a-4240c2ed3b8b')?$format=json
  response:
    body: {string: '<!DOCTYPE html><html><head><title>Apache Tomcat/8.0.36 - Error
        report</title><style type="text/css">H1 {font-family:Tahoma,Arial,sans-serif;color:white;background-color:#525D76;font-size:22px;}
        H2 {font-family:Tahoma,Arial,sans-serif;color:white;background-color:#525D76;font-size:16px;}
        H3 {font-family:Tahoma,Arial,sans-serif;color:white;background-color:#525D76;font-size:14px;}
        BODY {font-family:Tahoma,Arial,sans-serif;color:black;background-color:white;}
        B {font-family:Tahoma,Arial,sans-serif;color:white;background-color:#525D76;}
        P {font-family:Tahoma,Arial,sans-serif;background:white;color:black;font-size:12px;}A
        {color : black;}A.name {color : black;}.line {height: 1px; background-color:
        #525D76; border: none;}</style> </head><body><h1>HTTP Status 401 - Full authentication
        is required to access this resource</h1><div class="line"></div><p><b>type</b>
        Status report</p><p><b>message</b> <u>Full authentication is required to access
        this resource</u></p><p><b>description</b> <u>This request requires HTTP authentication.</u></p><hr
        class="line"><h3>Apache Tomcat/8.0.36</h3></body></html>'}
    headers:
      Content-Language: [en]
      Content-Type: [text/html;charset=utf-8]
      Server: [Apache-Coyote/1.1]
      Vary: [Accept-Encoding]
      WWW-Authenticate: [Basic realm="OData service"]
      content-length: ['1104']
    status: {code: 401, message: Unauthorized}
version: 1
